// Jest Snapshot v1, https://goo.gl/fbAQLP

exports[`testing AuthPage 1`] = `ShallowWrapper {}`;
