// Jest Snapshot v1, https://goo.gl/fbAQLP

exports[`testing AlertBox 1`] = `ShallowWrapper {}`;
